// Jest Snapshot v1, https://goo.gl/fbAQLP

exports[`Pruebas en <AppRouter/> debe de mostrarse correctamente 1`] = `<AppRouter />`;
