// Jest Snapshot v1, https://goo.gl/fbAQLP

exports[`Pruebas en <HomeScreen/> debe de mostrarse correctamente 1`] = `<HomeScreen />`;
