// Jest Snapshot v1, https://goo.gl/fbAQLP

exports[`Pruebas en <LoginScreen/> debe de mostrarse correctamente 1`] = `<LoginScreen />`;
